---
http_interactions:
  - request:
      method: get
      uri: https://api.sandbox.transferwise.tech/v2/profiles
      body:
        encoding: US-ASCII
        string: ""
      headers:
        Authorization:
          - Bearer 8e85a0b2-c1bc-4487-9fc9-e286fb9263d9
        Accept-Encoding:
          - gzip;q=1.0,deflate;q=0.6,identity;q=0.3
        Accept:
          - "*/*"
        User-Agent:
          - Ruby
    response:
      status:
        code: 200
        message: OK
      headers:
        Date:
          - Fri, 21 Jul 2023 21:44:22 GMT
        Content-Type:
          - application/json
        Transfer-Encoding:
          - chunked
        Connection:
          - keep-alive
        X-Frame-Options:
          - DENY
        Cache-Control:
          - no-cache, no-store, max-age=0, must-revalidate
        Pragma:
          - no-cache
        Expires:
          - "0"
        X-Trace-Id:
          - 6df3b04893f39de1
        X-Content-Type-Options:
          - nosniff
        X-Xss-Protection:
          - 1; mode=block
        X-Envoy-Upstream-Service-Time:
          - "35"
        X-Envoy-Attempt-Count:
          - "1"
        Vary:
          - origin,access-control-request-method,access-control-request-headers,accept-encoding
        Cf-Cache-Status:
          - DYNAMIC
        Set-Cookie:
          - __cf_bm=9afgtw8QGJqrdlKwIOxXo6qmJ2VfJoqpOwPZy02gCW8-1689975862-0-AcwREgwvRIaPq5u+c//auvHImmhGzNXxDjFcwgsofMBtNus5nGlMnQwdFxB0ZXW5xSS5eQQMGacqMJAqrLVa+mo=;
            path=/; expires=Fri, 21-Jul-23 22:14:22 GMT; domain=.transferwise.tech; HttpOnly;
            Secure; SameSite=None
        Server:
          - cloudflare
        Cf-Ray:
          - 7ea69ff2e9e932fc-EWR
        Alt-Svc:
          - h3=":443"; ma=86400
      body:
        encoding: ASCII-8BIT
        string: '[{"type":"PERSONAL","id":16356035,"userId":5882096,"type":"PERSONAL","address":{"addressFirstLine":"56
          Shoreditch High Street","city":"London","countryIso2Code":"GB","countryIso3Code":"gbr","postCode":"E16JJ","stateCode":null},"email":"","createdAt":"2022-02-02T12:57:37.000Z","updatedAt":"2022-02-02T12:57:37.000Z","obfuscated":false,"currentState":"VISIBLE","firstName":"Sharang","lastName":"Dashputre","dateOfBirth":"1943-02-22","phoneNumber":"+919766666666","secondaryAddresses":[],"fullName":"Sharang
          Dashputre"},{"type":"BUSINESS","id":<WISE_PROFILE_ID>,"userId":5882096,"type":"BUSINESS","address":{"addressFirstLine":"56
          Shoreditch High Street","city":"London","countryIso2Code":"GB","countryIso3Code":"gbr","postCode":"E16JJ","stateCode":null},"email":"","createdAt":"2022-02-02T12:57:40.000Z","updatedAt":"2022-02-02T12:57:40.000Z","obfuscated":false,"currentState":"VISIBLE","businessName":"Sharang
          Dashputre Business","registrationNumber":"07209813","descriptionOfBusiness":"IT_SERVICES","companyType":"LIMITED","companyRole":"OWNER","operationalAddresses":[],"fullName":"Sharang
          Dashputre Business"}]'
    recorded_at: Fri, 21 Jul 2023 21:44:22 GMT
  - request:
      method: post
      uri: https://api.sandbox.transferwise.tech/v1/accounts
      body:
        encoding: UTF-8
        string:
          '{"profile":"<WISE_PROFILE_ID>","accountHolderName":"Gumroad, Inc.","currency":"USD","type":"aba","details":{"legalType":"BUSINESS","abartn":"<GUMROAD_BANK_ROUTING_NUMBER>","accountNumber":<GUMROAD_BANK_ACCOUNT_NUMBER>,"accountType":"CHECKING","address":{"country":"US","state":"CA","city":"San
          Francisco","postCode":"94104","firstLine":"548 Market St #41309"}}}'
      headers:
        Authorization:
          - Bearer 8e85a0b2-c1bc-4487-9fc9-e286fb9263d9
        Content-Type:
          - application/json
        Accept-Encoding:
          - gzip;q=1.0,deflate;q=0.6,identity;q=0.3
        Accept:
          - "*/*"
        User-Agent:
          - Ruby
    response:
      status:
        code: 200
        message: OK
      headers:
        Date:
          - Fri, 21 Jul 2023 21:44:22 GMT
        Content-Type:
          - application/json;charset=UTF-8
        Transfer-Encoding:
          - chunked
        Connection:
          - keep-alive
        X-Content-Type-Options:
          - nosniff
        Cache-Control:
          - no-cache, no-store, max-age=0, must-revalidate
        X-Xss-Protection:
          - 1; mode=block
        Expires:
          - "0"
        Pragma:
          - no-cache
        X-Frame-Options:
          - DENY
        X-Trace-Id:
          - 185c5ba398e507b8
        X-Envoy-Upstream-Service-Time:
          - "86"
        X-Envoy-Attempt-Count:
          - "1"
        Vary:
          - origin,access-control-request-method,access-control-request-headers,accept-encoding
        Cf-Cache-Status:
          - DYNAMIC
        Set-Cookie:
          - __cf_bm=vKYgPfuJYdF7VV3g4dDrNRqItjV.0GfLTYH8yS.lgiQ-1689975862-0-AefwbbRxhIDnbyQDwHH+oNcVcC0youhSe8MJxjYT6v0Qs88JQuiwHb4zRz/DYJzHoCo1BVn0b66oWJcbQZ+KPfs=;
            path=/; expires=Fri, 21-Jul-23 22:14:22 GMT; domain=.transferwise.tech; HttpOnly;
            Secure; SameSite=None
        Server:
          - cloudflare
        Cf-Ray:
          - 7ea69ff5293941cf-EWR
        Alt-Svc:
          - h3=":443"; ma=86400
      body:
        encoding: ASCII-8BIT
        string: '{"id":148957443,"business":<WISE_PROFILE_ID>,"profile":<WISE_PROFILE_ID>,"accountHolderName":"Gumroad,
          Inc.","currency":"USD","country":"US","type":"aba","details":{"address":{"country":"US","countryCode":"US","firstLine":"548
          Market St #41309","postCode":"94104","city":"San Francisco","state":"CA"},"email":null,"legalType":"BUSINESS","accountHolderName":null,"accountNumber":"<GUMROAD_BANK_ACCOUNT_NUMBER>","sortCode":null,"abartn":"<GUMROAD_BANK_ROUTING_NUMBER>","accountType":"CHECKING","bankgiroNumber":null,"ifscCode":null,"bsbCode":null,"institutionNumber":null,"transitNumber":null,"phoneNumber":null,"bankCode":null,"russiaRegion":null,"routingNumber":null,"branchCode":null,"cpf":null,"cardToken":null,"idType":null,"idNumber":null,"idCountryIso3":null,"idValidFrom":null,"idValidTo":null,"clabe":null,"swiftCode":null,"dateOfBirth":null,"clearingNumber":null,"bankName":null,"branchName":null,"businessNumber":null,"province":null,"city":null,"rut":null,"token":null,"cnpj":null,"payinReference":null,"pspReference":null,"orderId":null,"idDocumentType":null,"idDocumentNumber":null,"targetProfile":null,"targetUserId":null,"taxId":null,"job":null,"nationality":null,"interacAccount":null,"bban":null,"town":null,"postCode":null,"language":null,"billerCode":null,"customerReferenceNumber":null,"prefix":null,"relationship":null,"IBAN":null,"iban":null,"BIC":null,"bic":null},"user":5882096,"active":true,"ownedByCustomer":false}'
    recorded_at: Fri, 21 Jul 2023 21:44:22 GMT
  - request:
      method: get
      uri: https://api.sandbox.transferwise.tech/v3/profiles/<WISE_PROFILE_ID>/subscriptions
      body:
        encoding: US-ASCII
        string: ""
      headers:
        Authorization:
          - Bearer 8e85a0b2-c1bc-4487-9fc9-e286fb9263d9
        Accept-Encoding:
          - gzip;q=1.0,deflate;q=0.6,identity;q=0.3
        Accept:
          - "*/*"
        User-Agent:
          - Ruby
    response:
      status:
        code: 200
        message: OK
      headers:
        Date:
          - Fri, 21 Jul 2023 21:44:23 GMT
        Content-Type:
          - application/json
        Transfer-Encoding:
          - chunked
        Connection:
          - keep-alive
        X-Frame-Options:
          - DENY
        Cache-Control:
          - no-cache, no-store, max-age=0, must-revalidate
        Pragma:
          - no-cache
        Expires:
          - "0"
        X-Content-Type-Options:
          - nosniff
        X-Xss-Protection:
          - 1; mode=block
        X-Trace-Id:
          - 1d38aaddfabc71ce
        X-Envoy-Upstream-Service-Time:
          - "41"
        X-Envoy-Attempt-Count:
          - "1"
        Vary:
          - origin,access-control-request-method,access-control-request-headers,accept-encoding
        Cf-Cache-Status:
          - DYNAMIC
        Set-Cookie:
          - __cf_bm=l6fWc.oO9R.CvgyREqXrfMNOabem84yCDSn7KsSK9tc-1689975863-0-AWwbrwtSltpj5Y4T8qhol0O77B37GwGQx94T8+ZX/vT6QWlmjbV9b9kfj2OdWLQysRSOc3Mx8ixVKa3oYjp1Uiw=;
            path=/; expires=Fri, 21-Jul-23 22:14:23 GMT; domain=.transferwise.tech; HttpOnly;
            Secure; SameSite=None
        Server:
          - cloudflare
        Cf-Ray:
          - 7ea69ff7b98cc328-EWR
        Alt-Svc:
          - h3=":443"; ma=86400
      body:
        encoding: ASCII-8BIT
        string:
          '[{"id":"27e30dfc-06be-45d9-87c1-4d534fcfda60","name":"Flexile - balances#credit","delivery":{"version":"2.0.0","url":"https://flexile-pipe-fix-hmr-fcsxmsnnj.herokuapp.com/webhooks/wise/balance_credit"},"trigger_on":"balances#credit","created_by":{"type":"user","id":"5882096"},"created_at":"2023-04-20T03:24:51Z","scope":{"domain":"profile","id":"<WISE_PROFILE_ID>"},"request_headers":[],"enabled":true},{"id":"e8e51db3-cf68-4854-85f5-acc8823dff11","name":"Webhook
          2","delivery":{"version":"2.0.0","url":"https://c47a-40-129-123-99.ngrok-free.app/webhooks/wise/transfer_state_change"},"trigger_on":"transfers#state-change","created_by":{"type":"user","id":"5882096"},"created_at":"2023-07-21T00:19:36Z","scope":{"domain":"profile","id":"<WISE_PROFILE_ID>"},"request_headers":[],"enabled":true}]'
    recorded_at: Fri, 21 Jul 2023 21:44:23 GMT
  - request:
      method: post
      uri: https://api.sandbox.transferwise.tech/v3/profiles/<WISE_PROFILE_ID>/subscriptions
      body:
        encoding: UTF-8
        string: '{"name":"Flexile - transfers#state-change","trigger_on":"transfers#state-change","delivery":{"version":"2.0.0","url":"http://localhost:31337/webhooks/wise/transfer_state_change"}}'
      headers:
        Authorization:
          - Bearer 8e85a0b2-c1bc-4487-9fc9-e286fb9263d9
        Content-Type:
          - application/json
        Accept-Encoding:
          - gzip;q=1.0,deflate;q=0.6,identity;q=0.3
        Accept:
          - "*/*"
        User-Agent:
          - Ruby
    response:
      status:
        code: 400
        message: Bad Request
      headers:
        Date:
          - Fri, 21 Jul 2023 21:44:23 GMT
        Content-Type:
          - application/json
        Transfer-Encoding:
          - chunked
        Connection:
          - keep-alive
        X-Content-Type-Options:
          - nosniff
        Cache-Control:
          - no-cache, no-store, max-age=0, must-revalidate
        X-Xss-Protection:
          - 1; mode=block
        Expires:
          - "0"
        Pragma:
          - no-cache
        X-Frame-Options:
          - DENY
        X-Trace-Id:
          - 39a0796b8cc2e0e5
        X-Envoy-Upstream-Service-Time:
          - "27"
        X-Envoy-Attempt-Count:
          - "1"
        Vary:
          - origin,access-control-request-method,access-control-request-headers,accept-encoding
        Cf-Cache-Status:
          - DYNAMIC
        Set-Cookie:
          - __cf_bm=AMeN5C8Bva6JhUSafrKEFuskW6wSMJdM0KAfWweR7.k-1689975863-0-AUzialzUE6qNiGOiFJykSUF7wRACcWpTmed97Smq6MRUtP/76QaXaD+N/DhTz9UxPE108uAtEW/z6gPewwJNVO0=;
            path=/; expires=Fri, 21-Jul-23 22:14:23 GMT; domain=.transferwise.tech; HttpOnly;
            Secure; SameSite=None
        Server:
          - cloudflare
        Cf-Ray:
          - 7ea69ffa0edd1971-EWR
        Alt-Svc:
          - h3=":443"; ma=86400
      body:
        encoding: ASCII-8BIT
        string: '{"code":"invalid","message":"Invalid request","arguments":["delivery.url:
          Invalid delivery URL"]}'
    recorded_at: Fri, 21 Jul 2023 21:44:23 GMT
  - request:
      method: post
      uri: https://api.sandbox.transferwise.tech/v3/profiles/<WISE_PROFILE_ID>/subscriptions
      body:
        encoding: UTF-8
        string: '{"name":"Flexile - balances#credit","trigger_on":"balances#credit","delivery":{"version":"2.0.0","url":"http://localhost:31337/webhooks/wise/balance_credit"}}'
      headers:
        Authorization:
          - Bearer 8e85a0b2-c1bc-4487-9fc9-e286fb9263d9
        Content-Type:
          - application/json
        Accept-Encoding:
          - gzip;q=1.0,deflate;q=0.6,identity;q=0.3
        Accept:
          - "*/*"
        User-Agent:
          - Ruby
    response:
      status:
        code: 400
        message: Bad Request
      headers:
        Date:
          - Fri, 21 Jul 2023 21:44:23 GMT
        Content-Type:
          - application/json
        Transfer-Encoding:
          - chunked
        Connection:
          - keep-alive
        X-Content-Type-Options:
          - nosniff
        Cache-Control:
          - no-cache, no-store, max-age=0, must-revalidate
        X-Xss-Protection:
          - 1; mode=block
        Expires:
          - "0"
        Pragma:
          - no-cache
        X-Frame-Options:
          - DENY
        X-Trace-Id:
          - 2e705e4bb875224a
        X-Envoy-Upstream-Service-Time:
          - "34"
        X-Envoy-Attempt-Count:
          - "1"
        Vary:
          - origin,access-control-request-method,access-control-request-headers,accept-encoding
        Cf-Cache-Status:
          - DYNAMIC
        Set-Cookie:
          - __cf_bm=y12NfSA2FawGPsiB4PkFoxqzvutkGne9tNLXTYXG.Ac-1689975863-0-AdUpb5wQCQfOP+ZEZhpiFsuxeFi0/+bjX9ucViCAnE8f+BIGO/9XP+k2zwMwjPp1hHd2sesJSmoJQ/zXtyjggqE=;
            path=/; expires=Fri, 21-Jul-23 22:14:23 GMT; domain=.transferwise.tech; HttpOnly;
            Secure; SameSite=None
        Server:
          - cloudflare
        Cf-Ray:
          - 7ea69ffbf9bb8c59-EWR
        Alt-Svc:
          - h3=":443"; ma=86400
      body:
        encoding: ASCII-8BIT
        string: '{"code":"invalid","message":"Invalid request","arguments":["delivery.url:
          Invalid delivery URL"]}'
    recorded_at: Fri, 21 Jul 2023 21:44:23 GMT
  - request:
      method: get
      uri: https://api.sandbox.transferwise.tech/v4/profiles/<WISE_PROFILE_ID>/balances?types=STANDARD
      body:
        encoding: US-ASCII
        string: ""
      headers:
        Authorization:
          - Bearer 8e85a0b2-c1bc-4487-9fc9-e286fb9263d9
        Accept-Encoding:
          - gzip;q=1.0,deflate;q=0.6,identity;q=0.3
        Accept:
          - "*/*"
        User-Agent:
          - Ruby
    response:
      status:
        code: 200
        message: OK
      headers:
        Date:
          - Fri, 21 Jul 2023 21:44:24 GMT
        Content-Type:
          - application/json;charset=UTF-8
        Transfer-Encoding:
          - chunked
        Connection:
          - keep-alive
        X-Content-Type-Options:
          - nosniff
        Cache-Control:
          - no-cache, no-store, max-age=0, must-revalidate
        X-Xss-Protection:
          - 1; mode=block
        Expires:
          - "0"
        Pragma:
          - no-cache
        X-Frame-Options:
          - DENY
        X-Trace-Id:
          - 88ce2d3dd1f0dffe
        X-Envoy-Upstream-Service-Time:
          - "37"
        X-Envoy-Attempt-Count:
          - "1"
        Vary:
          - accept-encoding
        Cf-Cache-Status:
          - DYNAMIC
        Set-Cookie:
          - __cf_bm=dUk6dOYaGtrxOnNFJeB3nDLogPHbwPVWiaHw3FKnl8o-1689975864-0-AQ9TqaivuYazpq9OwcWOmpWOwkK9emO6PatMbmYaAtC5FeWhtc8xpSiGjPD8zZTMFuI+l5EyWVzOjMewH2A2CDs=;
            path=/; expires=Fri, 21-Jul-23 22:14:24 GMT; domain=.transferwise.tech; HttpOnly;
            Secure; SameSite=None
        Server:
          - cloudflare
        Cf-Ray:
          - 7ea69ffe8c6a3320-EWR
        Alt-Svc:
          - h3=":443"; ma=86400
      body:
        encoding: ASCII-8BIT
        string: '[{"id":97347,"currency":"USD","amount":{"value":2835768.04,"currency":"USD"},"reservedAmount":{"value":0.00,"currency":"USD"},"cashAmount":{"value":2835768.04,"currency":"USD"},"totalWorth":{"value":2835768.04,"currency":"USD"},"type":"STANDARD","name":null,"icon":null,"investmentState":"NOT_INVESTED","creationTime":"2022-02-02T12:57:43.446840Z","modificationTime":"2023-07-21T00:31:52.445171Z","visible":true,"primary":true,"groupId":null},{"id":97348,"currency":"AUD","amount":{"value":4000000.00,"currency":"AUD"},"reservedAmount":{"value":0.00,"currency":"AUD"},"cashAmount":{"value":4000000.00,"currency":"AUD"},"totalWorth":{"value":4000000.00,"currency":"AUD"},"type":"STANDARD","name":null,"icon":null,"investmentState":"NOT_INVESTED","creationTime":"2022-02-02T12:57:43.512910Z","modificationTime":"2022-02-02T12:57:43.542188Z","visible":true,"primary":true,"groupId":null},{"id":97346,"currency":"EUR","amount":{"value":2000000.00,"currency":"EUR"},"reservedAmount":{"value":0.00,"currency":"EUR"},"cashAmount":{"value":2000000.00,"currency":"EUR"},"totalWorth":{"value":2000000.00,"currency":"EUR"},"type":"STANDARD","name":null,"icon":null,"investmentState":"NOT_INVESTED","creationTime":"2022-02-02T12:57:43.380531Z","modificationTime":"2022-02-02T12:57:43.407841Z","visible":true,"primary":true,"groupId":null},{"id":97345,"currency":"GBP","amount":{"value":1000000.00,"currency":"GBP"},"reservedAmount":{"value":0.00,"currency":"GBP"},"cashAmount":{"value":1000000.00,"currency":"GBP"},"totalWorth":{"value":1000000.00,"currency":"GBP"},"type":"STANDARD","name":null,"icon":null,"investmentState":"NOT_INVESTED","creationTime":"2022-02-02T12:57:43.286853Z","modificationTime":"2022-02-02T12:57:43.341693Z","visible":true,"primary":true,"groupId":null}]'
    recorded_at: Fri, 21 Jul 2023 21:44:24 GMT
  - request:
      method: post
      uri: https://api.sandbox.transferwise.tech/v3/profiles/<WISE_PROFILE_ID>/quotes
      body:
        encoding: UTF-8
        string: '{"sourceAmount":null,"targetAmount":500.0,"sourceCurrency":"USD","targetAccount":"148957443","targetCurrency":"USD","profileId":"<WISE_PROFILE_ID>","preferredPayIn":"BALANCE"}'
      headers:
        Authorization:
          - Bearer 8e85a0b2-c1bc-4487-9fc9-e286fb9263d9
        Content-Type:
          - application/json
        Accept-Encoding:
          - gzip;q=1.0,deflate;q=0.6,identity;q=0.3
        Accept:
          - "*/*"
        User-Agent:
          - Ruby
    response:
      status:
        code: 200
        message: OK
      headers:
        Date:
          - Fri, 21 Jul 2023 21:44:24 GMT
        Content-Type:
          - application/json
        Transfer-Encoding:
          - chunked
        Connection:
          - keep-alive
        X-Trace-Id:
          - 3d71942abf0f81d
        X-Content-Type-Options:
          - nosniff
        Cache-Control:
          - no-cache, no-store, max-age=0, must-revalidate
        X-Xss-Protection:
          - 1; mode=block
        Expires:
          - "0"
        Pragma:
          - no-cache
        X-Frame-Options:
          - DENY
        X-Envoy-Upstream-Service-Time:
          - "346"
        X-Envoy-Attempt-Count:
          - "1"
        Vary:
          - origin,access-control-request-method,access-control-request-headers,accept-encoding
        Cf-Cache-Status:
          - DYNAMIC
        Set-Cookie:
          - __cf_bm=VQExOWCV6tkDiF18T6kjuEorFvWT09pLDs5rHMJbbGM-1689975864-0-AT3HBou4uQr4AnpQGedzcmPsOaBgGAgPWHzL+spaUN2BzmLK10e7BEE2SPqP1X6TO1JpZzBQmCoy3JG7LCASHvc=;
            path=/; expires=Fri, 21-Jul-23 22:14:24 GMT; domain=.transferwise.tech; HttpOnly;
            Secure; SameSite=None
        Server:
          - cloudflare
        Cf-Ray:
          - 7ea6a000cec42370-EWR
        Alt-Svc:
          - h3=":443"; ma=86400
      body:
        encoding: ASCII-8BIT
        string:
          '{"targetAmount":500.00,"guaranteedTargetAmountAllowed":false,"targetAmountAllowed":true,"preferredPayIn":"BALANCE","paymentOptions":[{"formattedEstimatedDelivery":"by
          Monday, July 24","estimatedDeliveryDelays":[],"allowedProfileTypes":["PERSONAL","BUSINESS"],"feePercentage":0.0021,"estimatedDelivery":"2023-07-24T12:30:00Z","targetCurrency":"USD","sourceCurrency":"USD","sourceAmount":501.05,"targetAmount":500.00,"disabled":false,"payOut":"BANK_TRANSFER","fee":{"transferwise":1.05,"payIn":0.0,"discount":0,"total":1.05,"priceSetId":130,"partner":0.0},"price":{"priceSetId":130,"total":{"type":"TOTAL","label":"Total
          fees","value":{"amount":1.05,"currency":"USD","label":"1.05 USD"}},"items":[{"type":"PAYIN","label":"fee","value":{"amount":0.0,"currency":"USD","label":"0
          USD"}},{"type":"TRANSFERWISE","label":"Our fee","value":{"amount":1.05,"currency":"USD","label":"1.05
          USD"}}]},"payIn":"BALANCE"},{"formattedEstimatedDelivery":"by Tuesday, July
          25","estimatedDeliveryDelays":[],"allowedProfileTypes":["PERSONAL","BUSINESS"],"feePercentage":0.0128,"estimatedDelivery":"2023-07-25T12:30:00Z","targetCurrency":"USD","sourceCurrency":"USD","sourceAmount":506.47,"targetAmount":500.00,"disabled":false,"payOut":"BANK_TRANSFER","fee":{"transferwise":1.13,"payIn":5.34,"discount":0,"total":6.47,"priceSetId":129,"partner":0.0},"price":{"priceSetId":129,"total":{"type":"TOTAL","label":"Total
          fees","value":{"amount":6.47,"currency":"USD","label":"6.47 USD"}},"items":[{"type":"PAYIN","label":"fee","value":{"amount":5.34,"currency":"USD","label":"5.34
          USD"}},{"type":"TRANSFERWISE","label":"Our fee","value":{"amount":1.13,"currency":"USD","label":"1.13
          USD"}}]},"payIn":"BANK_TRANSFER"},{"formattedEstimatedDelivery":"by Monday,
          July 24","estimatedDeliveryDelays":[],"allowedProfileTypes":["PERSONAL","BUSINESS"],"feePercentage":0.0138,"estimatedDelivery":"2023-07-24T12:30:00Z","targetCurrency":"USD","sourceCurrency":"USD","sourceAmount":506.99,"targetAmount":500.00,"disabled":false,"payOut":"BANK_TRANSFER","fee":{"transferwise":1.13,"payIn":5.86,"discount":0,"total":6.99,"priceSetId":129,"partner":0.0},"price":{"priceSetId":129,"total":{"type":"TOTAL","label":"Total
          fees","value":{"amount":6.99,"currency":"USD","label":"6.99 USD"}},"items":[{"type":"PAYIN","label":"fee","value":{"amount":5.86,"currency":"USD","label":"5.86
          USD"}},{"type":"TRANSFERWISE","label":"Our fee","value":{"amount":1.13,"currency":"USD","label":"1.13
          USD"}}]},"payIn":"DEBIT"},{"formattedEstimatedDelivery":"by Monday, July 24","estimatedDeliveryDelays":[],"allowedProfileTypes":["PERSONAL","BUSINESS"],"feePercentage":0.0396,"estimatedDelivery":"2023-07-24T12:30:00Z","targetCurrency":"USD","sourceCurrency":"USD","sourceAmount":520.62,"targetAmount":500.00,"disabled":false,"payOut":"BANK_TRANSFER","fee":{"transferwise":1.13,"payIn":19.49,"discount":0,"total":20.62,"priceSetId":129,"partner":0.0},"price":{"priceSetId":129,"total":{"type":"TOTAL","label":"Total
          fees","value":{"amount":20.62,"currency":"USD","label":"20.62 USD"}},"items":[{"type":"PAYIN","label":"fee","value":{"amount":19.49,"currency":"USD","label":"19.49
          USD"}},{"type":"TRANSFERWISE","label":"Our fee","value":{"amount":1.13,"currency":"USD","label":"1.13
          USD"}}]},"payIn":"CREDIT"},{"formattedEstimatedDelivery":"by August 1","estimatedDeliveryDelays":[],"allowedProfileTypes":["PERSONAL","BUSINESS"],"feePercentage":0.0128,"estimatedDelivery":"2023-08-01T12:30:00Z","targetCurrency":"USD","sourceCurrency":"USD","sourceAmount":506.47,"targetAmount":500.00,"disabled":false,"payOut":"BANK_TRANSFER","fee":{"transferwise":1.13,"payIn":5.34,"discount":0,"total":6.47,"priceSetId":129,"partner":0.0},"price":{"priceSetId":129,"total":{"type":"TOTAL","label":"Total
          fees","value":{"amount":6.47,"currency":"USD","label":"6.47 USD"}},"items":[{"type":"PAYIN","label":"fee","value":{"amount":5.34,"currency":"USD","label":"5.34
          USD"}},{"type":"TRANSFERWISE","label":"Our fee","value":{"amount":1.13,"currency":"USD","label":"1.13
          USD"}}]},"payIn":"SWIFT"},{"formattedEstimatedDelivery":"by Monday, July 24","estimatedDeliveryDelays":[],"allowedProfileTypes":["PERSONAL","BUSINESS"],"feePercentage":0.0443,"estimatedDelivery":"2023-07-24T12:30:00Z","targetCurrency":"USD","sourceCurrency":"USD","sourceAmount":523.18,"targetAmount":500.00,"disabled":false,"payOut":"BANK_TRANSFER","fee":{"transferwise":1.13,"payIn":22.05,"discount":0,"total":23.18,"priceSetId":129,"partner":0.0},"price":{"priceSetId":129,"total":{"type":"TOTAL","label":"Total
          fees","value":{"amount":23.18,"currency":"USD","label":"23.18 USD"}},"items":[{"type":"PAYIN","label":"fee","value":{"amount":22.05,"currency":"USD","label":"22.05
          USD"}},{"type":"TRANSFERWISE","label":"Our fee","value":{"amount":1.13,"currency":"USD","label":"1.13
          USD"}}]},"payIn":"INTERNATIONAL_DEBIT"},{"formattedEstimatedDelivery":"by
          Monday, July 24","estimatedDeliveryDelays":[],"allowedProfileTypes":["PERSONAL","BUSINESS"],"feePercentage":0.0437,"estimatedDelivery":"2023-07-24T12:30:00Z","targetCurrency":"USD","sourceCurrency":"USD","sourceAmount":522.83,"targetAmount":500.00,"disabled":false,"payOut":"BANK_TRANSFER","fee":{"transferwise":1.13,"payIn":21.7,"discount":0,"total":22.83,"priceSetId":129,"partner":0.0},"price":{"priceSetId":129,"total":{"type":"TOTAL","label":"Total
          fees","value":{"amount":22.83,"currency":"USD","label":"22.83 USD"}},"items":[{"type":"PAYIN","label":"fee","value":{"amount":21.7,"currency":"USD","label":"21.70
          USD"}},{"type":"TRANSFERWISE","label":"Our fee","value":{"amount":1.13,"currency":"USD","label":"1.13
          USD"}}]},"payIn":"MC_BUSINESS_CREDIT"},{"formattedEstimatedDelivery":"by Monday,
          July 24","estimatedDeliveryDelays":[],"allowedProfileTypes":["PERSONAL","BUSINESS"],"feePercentage":0.0138,"estimatedDelivery":"2023-07-24T12:30:00Z","targetCurrency":"USD","sourceCurrency":"USD","sourceAmount":506.99,"targetAmount":500.00,"disabled":false,"payOut":"BANK_TRANSFER","fee":{"transferwise":1.13,"payIn":5.86,"discount":0,"total":6.99,"priceSetId":129,"partner":0.0},"price":{"priceSetId":129,"total":{"type":"TOTAL","label":"Total
          fees","value":{"amount":6.99,"currency":"USD","label":"6.99 USD"}},"items":[{"type":"PAYIN","label":"fee","value":{"amount":5.86,"currency":"USD","label":"5.86
          USD"}},{"type":"TRANSFERWISE","label":"Our fee","value":{"amount":1.13,"currency":"USD","label":"1.13
          USD"}}]},"payIn":"MC_DEBIT_OR_PREPAID"},{"formattedEstimatedDelivery":"by
          Monday, July 24","estimatedDeliveryDelays":[],"allowedProfileTypes":["PERSONAL","BUSINESS"],"feePercentage":0.0138,"estimatedDelivery":"2023-07-24T12:30:00Z","targetCurrency":"USD","sourceCurrency":"USD","sourceAmount":506.99,"targetAmount":500.00,"disabled":false,"payOut":"BANK_TRANSFER","fee":{"transferwise":1.13,"payIn":5.86,"discount":0,"total":6.99,"priceSetId":129,"partner":0.0},"price":{"priceSetId":129,"total":{"type":"TOTAL","label":"Total
          fees","value":{"amount":6.99,"currency":"USD","label":"6.99 USD"}},"items":[{"type":"PAYIN","label":"fee","value":{"amount":5.86,"currency":"USD","label":"5.86
          USD"}},{"type":"TRANSFERWISE","label":"Our fee","value":{"amount":1.13,"currency":"USD","label":"1.13
          USD"}}]},"payIn":"CARD"},{"formattedEstimatedDelivery":"by Monday, July 24","estimatedDeliveryDelays":[],"allowedProfileTypes":["PERSONAL","BUSINESS"],"feePercentage":0.0138,"estimatedDelivery":"2023-07-24T12:30:00Z","targetCurrency":"USD","sourceCurrency":"USD","sourceAmount":506.99,"targetAmount":500.00,"disabled":false,"payOut":"BANK_TRANSFER","fee":{"transferwise":1.13,"payIn":5.86,"discount":0,"total":6.99,"priceSetId":129,"partner":0.0},"price":{"priceSetId":129,"total":{"type":"TOTAL","label":"Total
          fees","value":{"amount":6.99,"currency":"USD","label":"6.99 USD"}},"items":[{"type":"PAYIN","label":"fee","value":{"amount":5.86,"currency":"USD","label":"5.86
          USD"}},{"type":"TRANSFERWISE","label":"Our fee","value":{"amount":1.13,"currency":"USD","label":"1.13
          USD"}}]},"payIn":"MAESTRO"},{"formattedEstimatedDelivery":"by Monday, July
          24","estimatedDeliveryDelays":[],"allowedProfileTypes":["PERSONAL","BUSINESS"],"feePercentage":0.0107,"estimatedDelivery":"2023-07-24T12:30:00Z","targetCurrency":"USD","sourceCurrency":"USD","sourceAmount":505.39,"targetAmount":500.00,"disabled":false,"payOut":"BANK_TRANSFER","fee":{"transferwise":1.13,"payIn":4.26,"discount":0,"total":5.39,"priceSetId":129,"partner":0.0},"price":{"priceSetId":129,"total":{"type":"TOTAL","label":"Total
          fees","value":{"amount":5.39,"currency":"USD","label":"5.39 USD"}},"items":[{"type":"PAYIN","label":"fee","value":{"amount":4.26,"currency":"USD","label":"4.26
          USD"}},{"type":"TRANSFERWISE","label":"Our fee","value":{"amount":1.13,"currency":"USD","label":"1.13
          USD"}}]},"payIn":"INT_DEBIT_WITH_EUROPEAN_CARD"},{"formattedEstimatedDelivery":"by
          Monday, July 24","estimatedDeliveryDelays":[],"allowedProfileTypes":["PERSONAL","BUSINESS"],"feePercentage":0.0107,"estimatedDelivery":"2023-07-24T12:30:00Z","targetCurrency":"USD","sourceCurrency":"USD","sourceAmount":505.39,"targetAmount":500.00,"disabled":false,"payOut":"BANK_TRANSFER","fee":{"transferwise":1.13,"payIn":4.26,"discount":0,"total":5.39,"priceSetId":129,"partner":0.0},"price":{"priceSetId":129,"total":{"type":"TOTAL","label":"Total
          fees","value":{"amount":5.39,"currency":"USD","label":"5.39 USD"}},"items":[{"type":"PAYIN","label":"fee","value":{"amount":4.26,"currency":"USD","label":"4.26
          USD"}},{"type":"TRANSFERWISE","label":"Our fee","value":{"amount":1.13,"currency":"USD","label":"1.13
          USD"}}]},"payIn":"INT_CREDIT_WITH_EUROPEAN_CARD"},{"formattedEstimatedDelivery":"by
          Monday, July 24","estimatedDeliveryDelays":[],"allowedProfileTypes":["PERSONAL","BUSINESS"],"feePercentage":0.0136,"estimatedDelivery":"2023-07-24T12:30:00Z","targetCurrency":"USD","sourceCurrency":"USD","sourceAmount":506.89,"targetAmount":500.00,"disabled":false,"payOut":"BANK_TRANSFER","fee":{"transferwise":1.13,"payIn":5.76,"discount":0,"total":6.89,"priceSetId":129,"partner":0.0},"price":{"priceSetId":129,"total":{"type":"TOTAL","label":"Total
          fees","value":{"amount":6.89,"currency":"USD","label":"6.89 USD"}},"items":[{"type":"PAYIN","label":"fee","value":{"amount":5.76,"currency":"USD","label":"5.76
          USD"}},{"type":"TRANSFERWISE","label":"Our fee","value":{"amount":1.13,"currency":"USD","label":"1.13
          USD"}}]},"payIn":"VISA_BUSINESS_DEBIT"},{"formattedEstimatedDelivery":"by
          Monday, July 24","estimatedDeliveryDelays":[],"allowedProfileTypes":["PERSONAL","BUSINESS"],"feePercentage":0.0138,"estimatedDelivery":"2023-07-24T12:30:00Z","targetCurrency":"USD","sourceCurrency":"USD","sourceAmount":506.99,"targetAmount":500.00,"disabled":false,"payOut":"BANK_TRANSFER","fee":{"transferwise":1.13,"payIn":5.86,"discount":0,"total":6.99,"priceSetId":129,"partner":0.0},"price":{"priceSetId":129,"total":{"type":"TOTAL","label":"Total
          fees","value":{"amount":6.99,"currency":"USD","label":"6.99 USD"}},"items":[{"type":"PAYIN","label":"fee","value":{"amount":5.86,"currency":"USD","label":"5.86
          USD"}},{"type":"TRANSFERWISE","label":"Our fee","value":{"amount":1.13,"currency":"USD","label":"1.13
          USD"}}]},"payIn":"VISA_DEBIT_OR_PREPAID"},{"formattedEstimatedDelivery":"by
          Monday, July 24","estimatedDeliveryDelays":[],"allowedProfileTypes":["PERSONAL","BUSINESS"],"feePercentage":0.0349,"estimatedDelivery":"2023-07-24T12:30:00Z","targetCurrency":"USD","sourceCurrency":"USD","sourceAmount":518.07,"targetAmount":500.00,"disabled":false,"payOut":"BANK_TRANSFER","fee":{"transferwise":1.13,"payIn":16.94,"discount":0,"total":18.07,"priceSetId":129,"partner":0.0},"price":{"priceSetId":129,"total":{"type":"TOTAL","label":"Total
          fees","value":{"amount":18.07,"currency":"USD","label":"18.07 USD"}},"items":[{"type":"PAYIN","label":"fee","value":{"amount":16.94,"currency":"USD","label":"16.94
          USD"}},{"type":"TRANSFERWISE","label":"Our fee","value":{"amount":1.13,"currency":"USD","label":"1.13
          USD"}}]},"payIn":"MC_CREDIT"},{"formattedEstimatedDelivery":"by Monday, July
          24","estimatedDeliveryDelays":[],"allowedProfileTypes":["PERSONAL","BUSINESS"],"feePercentage":0.0186,"estimatedDelivery":"2023-07-24T12:30:00Z","targetCurrency":"USD","sourceCurrency":"USD","sourceAmount":509.50,"targetAmount":500.00,"disabled":false,"payOut":"BANK_TRANSFER","fee":{"transferwise":1.13,"payIn":8.37,"discount":0,"total":9.50,"priceSetId":129,"partner":0.0},"price":{"priceSetId":129,"total":{"type":"TOTAL","label":"Total
          fees","value":{"amount":9.50,"currency":"USD","label":"9.50 USD"}},"items":[{"type":"PAYIN","label":"fee","value":{"amount":8.37,"currency":"USD","label":"8.37
          USD"}},{"type":"TRANSFERWISE","label":"Our fee","value":{"amount":1.13,"currency":"USD","label":"1.13
          USD"}}]},"payIn":"MC_BUSINESS_DEBIT"},{"formattedEstimatedDelivery":"by Monday,
          July 24","estimatedDeliveryDelays":[],"allowedProfileTypes":["PERSONAL","BUSINESS"],"feePercentage":0.0437,"estimatedDelivery":"2023-07-24T12:30:00Z","targetCurrency":"USD","sourceCurrency":"USD","sourceAmount":522.83,"targetAmount":500.00,"disabled":false,"payOut":"BANK_TRANSFER","fee":{"transferwise":1.13,"payIn":21.7,"discount":0,"total":22.83,"priceSetId":129,"partner":0.0},"price":{"priceSetId":129,"total":{"type":"TOTAL","label":"Total
          fees","value":{"amount":22.83,"currency":"USD","label":"22.83 USD"}},"items":[{"type":"PAYIN","label":"fee","value":{"amount":21.7,"currency":"USD","label":"21.70
          USD"}},{"type":"TRANSFERWISE","label":"Our fee","value":{"amount":1.13,"currency":"USD","label":"1.13
          USD"}}]},"payIn":"VISA_BUSINESS_CREDIT"},{"formattedEstimatedDelivery":"by
          Monday, July 24","estimatedDeliveryDelays":[],"allowedProfileTypes":["PERSONAL","BUSINESS"],"feePercentage":0.0443,"estimatedDelivery":"2023-07-24T12:30:00Z","targetCurrency":"USD","sourceCurrency":"USD","sourceAmount":523.18,"targetAmount":500.00,"disabled":false,"payOut":"BANK_TRANSFER","fee":{"transferwise":1.13,"payIn":22.05,"discount":0,"total":23.18,"priceSetId":129,"partner":0.0},"price":{"priceSetId":129,"total":{"type":"TOTAL","label":"Total
          fees","value":{"amount":23.18,"currency":"USD","label":"23.18 USD"}},"items":[{"type":"PAYIN","label":"fee","value":{"amount":22.05,"currency":"USD","label":"22.05
          USD"}},{"type":"TRANSFERWISE","label":"Our fee","value":{"amount":1.13,"currency":"USD","label":"1.13
          USD"}}]},"payIn":"INTERNATIONAL_CREDIT"},{"formattedEstimatedDelivery":"by
          Monday, July 24","estimatedDeliveryDelays":[],"allowedProfileTypes":["PERSONAL","BUSINESS"],"feePercentage":0.0396,"estimatedDelivery":"2023-07-24T12:30:00Z","targetCurrency":"USD","sourceCurrency":"USD","sourceAmount":520.62,"targetAmount":500.00,"disabled":false,"payOut":"BANK_TRANSFER","fee":{"transferwise":1.13,"payIn":19.49,"discount":0,"total":20.62,"priceSetId":129,"partner":0.0},"price":{"priceSetId":129,"total":{"type":"TOTAL","label":"Total
          fees","value":{"amount":20.62,"currency":"USD","label":"20.62 USD"}},"items":[{"type":"PAYIN","label":"fee","value":{"amount":19.49,"currency":"USD","label":"19.49
          USD"}},{"type":"TRANSFERWISE","label":"Our fee","value":{"amount":1.13,"currency":"USD","label":"1.13
          USD"}}]},"payIn":"VISA_CREDIT"},{"formattedEstimatedDelivery":"by Tuesday,
          July 25","estimatedDeliveryDelays":[],"allowedProfileTypes":["PERSONAL","BUSINESS"],"feePercentage":0.0053,"estimatedDelivery":"2023-07-25T12:30:00Z","targetCurrency":"USD","sourceCurrency":"USD","sourceAmount":502.68,"targetAmount":500.00,"disabled":true,"payOut":"BANK_TRANSFER","fee":{"transferwise":1.13,"payIn":1.55,"discount":0,"total":2.68,"priceSetId":129,"partner":0.0},"price":{"priceSetId":129,"total":{"type":"TOTAL","label":"Total
          fees","value":{"amount":2.68,"currency":"USD","label":"2.68 USD"}},"items":[{"type":"PAYIN","label":"fee","value":{"amount":1.55,"currency":"USD","label":"1.55
          USD"}},{"type":"TRANSFERWISE","label":"Our fee","value":{"amount":1.13,"currency":"USD","label":"1.13
          USD"}}]},"payIn":"DIRECT_DEBIT","disabledReason":{"code":"error.payInmethod.disabled","message":"Your
          recent transfer got charged back, check your e-mail.","arguments":[]}}],"notices":[],"transferFlowConfig":{"highAmount":{"showFeePercentage":false,"trackAsHighAmountSender":false,"showEducationStep":false,"offerPrefundingOption":false,"overLimitThroughCs":false,"overLimitThroughWiseAccount":false}},"rateTimestamp":"2023-07-21T21:44:24Z","clientId":"transferwise-personal-tokens","expirationTime":"2023-07-21T22:14:24Z","id":"4799c7f0-4ee4-4f84-a016-79a221e6bda0","type":"REGULAR","targetCurrency":"USD","sourceCurrency":"USD","status":"PENDING","profile":<WISE_PROFILE_ID>,"rate":1,"createdTime":"2023-07-21T21:44:24Z","user":5882096,"rateType":"FIXED","rateExpirationTime":"2023-08-20T21:44:24Z","payOut":"BANK_TRANSFER","guaranteedTargetAmount":false,"providedAmountType":"TARGET","targetAccount":148957443,"payInCountry":"GB","payOutCountry":"US","funding":"POST"}'
    recorded_at: Fri, 21 Jul 2023 21:44:24 GMT
  - request:
      method: post
      uri: https://api.sandbox.transferwise.tech/v1/transfers
      body:
        encoding: UTF-8
        string: '{"targetAccount":"148957443","quoteUuid":"4799c7f0-4ee4-4f84-a016-79a221e6bda0","customerTransactionId":"ab07b500-4219-4476-a45d-71e71c4c31f7","details":{"transferPurpose":"verification.transfers.purpose.pay.other","sourceOfFunds":"verification.source.of.funds.other"}}'
      headers:
        Authorization:
          - Bearer 8e85a0b2-c1bc-4487-9fc9-e286fb9263d9
        Content-Type:
          - application/json
        Accept-Encoding:
          - gzip;q=1.0,deflate;q=0.6,identity;q=0.3
        Accept:
          - "*/*"
        User-Agent:
          - Ruby
    response:
      status:
        code: 200
        message: OK
      headers:
        Date:
          - Fri, 21 Jul 2023 21:44:32 GMT
        Content-Type:
          - application/json;charset=UTF-8
        Transfer-Encoding:
          - chunked
        Connection:
          - keep-alive
        X-Frame-Options:
          - DENY
        Cache-Control:
          - no-cache, no-store, max-age=0, must-revalidate
        Pragma:
          - no-cache
        Expires:
          - "0"
        X-Trace-Id:
          - e167203c04ba6846
        X-Content-Type-Options:
          - nosniff
        X-Xss-Protection:
          - 1; mode=block
        X-Envoy-Upstream-Service-Time:
          - "7701"
        X-Envoy-Attempt-Count:
          - "1"
        Vary:
          - origin,access-control-request-method,access-control-request-headers,accept-encoding
        Cf-Cache-Status:
          - DYNAMIC
        Set-Cookie:
          - __cf_bm=N_i_VQgfviDtt5Rggiwa7Q4YmgyZY1dkmgs1bZ7O5Tk-1689975872-0-AcJwW9hBzfyhYWdjPZYL4XGg+2RoyuG3WB/36uslMqd749ZT5fxCwvCxp9Du2txeQ1/V0LNcQSOkh/WJ16iqaUA=;
            path=/; expires=Fri, 21-Jul-23 22:14:32 GMT; domain=.transferwise.tech; HttpOnly;
            Secure; SameSite=None
        Server:
          - cloudflare
        Cf-Ray:
          - 7ea6a00478e617e1-EWR
        Alt-Svc:
          - h3=":443"; ma=86400
      body:
        encoding: ASCII-8BIT
        string:
          '{"id":52163342,"user":5882096,"targetAccount":148957443,"sourceAccount":null,"quote":null,"quoteUuid":"4799c7f0-4ee4-4f84-a016-79a221e6bda0","status":"incoming_payment_waiting","reference":"","rate":1.0,"created":"2023-07-21
          21:44:32","business":<WISE_PROFILE_ID>,"transferRequest":null,"details":{"reference":""},"hasActiveIssues":false,"sourceCurrency":"USD","sourceValue":500.0,"targetCurrency":"USD","targetValue":500.0,"customerTransactionId":"ab07b500-4219-4476-a45d-71e71c4c31f7"}'
    recorded_at: Fri, 21 Jul 2023 21:44:32 GMT
  - request:
      method: post
      uri: https://api.sandbox.transferwise.tech/v3/profiles/<WISE_PROFILE_ID>/transfers/52163342/payments
      body:
        encoding: UTF-8
        string: '{"type":"BALANCE"}'
      headers:
        Authorization:
          - Bearer 8e85a0b2-c1bc-4487-9fc9-e286fb9263d9
        Content-Type:
          - application/json
        Accept-Encoding:
          - gzip;q=1.0,deflate;q=0.6,identity;q=0.3
        Accept:
          - "*/*"
        User-Agent:
          - Ruby
    response:
      status:
        code: 201
        message: Created
      headers:
        Date:
          - Fri, 21 Jul 2023 21:44:33 GMT
        Content-Type:
          - application/json
        Transfer-Encoding:
          - chunked
        Connection:
          - keep-alive
        X-2fa-Approval-Result:
          - APPROVED
        X-Content-Type-Options:
          - nosniff
        X-Xss-Protection:
          - 1; mode=block
        X-Frame-Options:
          - DENY
        Cache-Control:
          - no-cache, no-store, max-age=0, must-revalidate
        Expires:
          - "0"
        Pragma:
          - no-cache
        X-Trace-Id:
          - 36cea1010cd7d690
        X-Envoy-Upstream-Service-Time:
          - "439"
        X-Envoy-Attempt-Count:
          - "1"
        Vary:
          - origin,access-control-request-method,access-control-request-headers,accept-encoding
        Cf-Cache-Status:
          - DYNAMIC
        Set-Cookie:
          - __cf_bm=MQMsIuuQr8LikPmxfWECUnsgAoI5508kevIIWTNXufw-1689975873-0-AZaQEBwYHCZFVHxeU9MYhQMJONCphe/57HeUBXOUAt+xVCF43DMkUcnbz2tGe20aaUSFu5Oaj3n8RFQkxwhf5Vo=;
            path=/; expires=Fri, 21-Jul-23 22:14:33 GMT; domain=.transferwise.tech; HttpOnly;
            Secure; SameSite=None
        Server:
          - cloudflare
        Cf-Ray:
          - 7ea6a03698c143e6-EWR
        Alt-Svc:
          - h3=":443"; ma=86400
      body:
        encoding: ASCII-8BIT
        string: '{"type":"BALANCE","status":"COMPLETED","errorCode":null,"errorMessage":null,"balanceTransactionId":3767993}'
    recorded_at: Fri, 21 Jul 2023 21:44:33 GMT
recorded_with: VCR 6.2.0
