---
http_interactions:
  - request:
      method: post
      uri: https://api.sandbox.transferwise.tech/v1/accounts
      body:
        encoding: UTF-8
        string:
          '{"currency":"MXN","type":"mexican","details":{"legalType":"PRIVATE","email":"mxnuser@example.com","accountHolderName":"Da
          Rod","clabe":"032180000118359719","address":{"city":"San Andres","firstLine":"4
          Oriente 820","postCode":"72810","country":"MX"}},"profile":"<WISE_PROFILE_ID>"}'
      headers:
        Authorization:
          - Bearer 8e85a0b2-c1bc-4487-9fc9-e286fb9263d9
        Content-Type:
          - application/json
        Accept-Encoding:
          - gzip;q=1.0,deflate;q=0.6,identity;q=0.3
        Accept:
          - "*/*"
        User-Agent:
          - Ruby
    response:
      status:
        code: 200
        message: OK
      headers:
        Date:
          - Thu, 12 Oct 2023 14:52:13 GMT
        Content-Type:
          - application/json;charset=UTF-8
        Transfer-Encoding:
          - chunked
        Connection:
          - keep-alive
        X-Content-Type-Options:
          - nosniff
        X-Xss-Protection:
          - 1; mode=block
        Cache-Control:
          - no-cache, no-store, max-age=0, must-revalidate
        Expires:
          - "0"
        Pragma:
          - no-cache
        X-Frame-Options:
          - DENY
        X-Trace-Id:
          - 648d6a7094e34d44
        X-Envoy-Upstream-Service-Time:
          - "160"
        X-Envoy-Attempt-Count:
          - "1"
        Vary:
          - origin,access-control-request-method,access-control-request-headers,accept-encoding
        Cf-Cache-Status:
          - DYNAMIC
        Set-Cookie:
          - __cf_bm=TDshqB5tdFhR7SdyBr9avPI897Rkz6tkg6lOMvskUYA-1697122333-0-AfhxkQQY8JGv7Oydl5Gt1poHlgxySMGuO29U75rhWKP5kiNWwmhFlADtUpr+p4Y6Y1QbutyqsZYCePjybSf9Rf8=;
            path=/; expires=Thu, 12-Oct-23 15:22:13 GMT; domain=.transferwise.tech; HttpOnly;
            Secure; SameSite=None
        Server:
          - cloudflare
        Cf-Ray:
          - 81502a56ed7fdd5c-LHR
        Alt-Svc:
          - h3=":443"; ma=86400
      body:
        encoding: ASCII-8BIT
        string: '{"id":148913010,"business":<WISE_PROFILE_ID>,"profile":<WISE_PROFILE_ID>,"accountHolderName":"Da
          Rod","currency":"MXN","country":"MX","type":"mexican","details":{"address":{"country":"MX","countryCode":"MX","firstLine":"4
          Oriente 820","postCode":"72810","city":"San Andres","state":null},"email":"mxnuser@example.com","legalType":"PRIVATE","accountHolderName":null,"accountNumber":null,"sortCode":null,"abartn":null,"accountType":null,"bankgiroNumber":null,"ifscCode":null,"bsbCode":null,"institutionNumber":null,"transitNumber":null,"phoneNumber":null,"bankCode":"032","russiaRegion":null,"routingNumber":null,"branchCode":null,"cpf":null,"cardToken":null,"idType":null,"idNumber":null,"idCountryIso3":null,"idValidFrom":null,"idValidTo":null,"clabe":"032180000118359719","swiftCode":null,"dateOfBirth":null,"clearingNumber":null,"bankName":null,"branchName":null,"businessNumber":null,"province":null,"city":null,"rut":null,"token":null,"cnpj":null,"payinReference":null,"pspReference":null,"orderId":null,"idDocumentType":null,"idDocumentNumber":null,"targetProfile":null,"targetUserId":null,"taxId":null,"job":null,"nationality":null,"interacAccount":null,"bban":null,"town":null,"postCode":null,"language":null,"billerCode":null,"customerReferenceNumber":null,"prefix":null,"relationship":null,"IBAN":null,"iban":null,"BIC":null,"bic":null},"user":5882096,"active":true,"ownedByCustomer":false}'
    recorded_at: Thu, 12 Oct 2023 14:52:13 GMT
  - request:
      method: get
      uri: https://api.sandbox.transferwise.tech/v1/accounts/148913010
      body:
        encoding: US-ASCII
        string: ""
      headers:
        Authorization:
          - Bearer 8e85a0b2-c1bc-4487-9fc9-e286fb9263d9
        Accept-Encoding:
          - gzip;q=1.0,deflate;q=0.6,identity;q=0.3
        Accept:
          - "*/*"
        User-Agent:
          - Ruby
    response:
      status:
        code: 200
        message: OK
      headers:
        Date:
          - Thu, 12 Oct 2023 14:52:13 GMT
        Content-Type:
          - application/json;charset=UTF-8
        Transfer-Encoding:
          - chunked
        Connection:
          - keep-alive
        Expires:
          - "0"
        Pragma:
          - no-cache
        X-Trace-Id:
          - 82a276a0d5893bbe
        X-Content-Type-Options:
          - nosniff
        X-Xss-Protection:
          - 1; mode=block
        X-Frame-Options:
          - DENY
        Cache-Control:
          - no-cache, no-store, max-age=0, must-revalidate
        X-Envoy-Upstream-Service-Time:
          - "78"
        X-Envoy-Attempt-Count:
          - "1"
        Vary:
          - origin,access-control-request-method,access-control-request-headers,accept-encoding
        Cf-Cache-Status:
          - DYNAMIC
        Set-Cookie:
          - __cf_bm=h_2yg21jN03NoSjbNlJVN2r0uByffEolYp0igd1nrcg-1697122333-0-AWqgQNujhNnIEPVP9QJ8q/ogK5DEhIiMsfr9KLrTiaxDCwgk9uti+5enbG1lkburja0Ns7BZmzXiPpxP3/BeY/I=;
            path=/; expires=Thu, 12-Oct-23 15:22:13 GMT; domain=.transferwise.tech; HttpOnly;
            Secure; SameSite=None
        Server:
          - cloudflare
        Cf-Ray:
          - 81502a58aa808862-LHR
        Alt-Svc:
          - h3=":443"; ma=86400
      body:
        encoding: ASCII-8BIT
        string: '{"id":148913010,"business":<WISE_PROFILE_ID>,"profile":<WISE_PROFILE_ID>,"accountHolderName":"Da
          Rod","currency":"MXN","country":"MX","type":"mexican","details":{"address":{"country":"MX","countryCode":"MX","firstLine":"4
          Oriente 820","postCode":"72810","city":"San Andres","state":null},"email":"mxnuser@example.com","legalType":"PRIVATE","accountHolderName":null,"accountNumber":null,"sortCode":null,"abartn":null,"accountType":null,"bankgiroNumber":null,"ifscCode":null,"bsbCode":null,"institutionNumber":null,"transitNumber":null,"phoneNumber":null,"bankCode":"032","russiaRegion":null,"routingNumber":null,"branchCode":null,"cpf":null,"cardToken":null,"idType":null,"idNumber":null,"idCountryIso3":null,"idValidFrom":null,"idValidTo":null,"clabe":"032180000118359719","swiftCode":null,"dateOfBirth":null,"clearingNumber":null,"bankName":null,"branchName":null,"businessNumber":null,"province":null,"city":null,"rut":null,"token":null,"cnpj":null,"payinReference":null,"pspReference":null,"orderId":null,"idDocumentType":null,"idDocumentNumber":null,"targetProfile":null,"targetUserId":null,"taxId":null,"job":null,"nationality":null,"interacAccount":null,"bban":null,"town":null,"postCode":null,"language":null,"billerCode":null,"customerReferenceNumber":null,"prefix":null,"relationship":null,"IBAN":null,"iban":null,"BIC":null,"bic":null},"user":5882096,"active":true,"ownedByCustomer":false}'
    recorded_at: Thu, 12 Oct 2023 14:52:13 GMT
  - request:
      method: get
      uri: https://api.sandbox.transferwise.tech/v1/accounts/148913010
      body:
        encoding: US-ASCII
        string: ""
      headers:
        Authorization:
          - Bearer 8e85a0b2-c1bc-4487-9fc9-e286fb9263d9
        Accept-Encoding:
          - gzip;q=1.0,deflate;q=0.6,identity;q=0.3
        Accept:
          - "*/*"
        User-Agent:
          - Ruby
    response:
      status:
        code: 200
        message: OK
      headers:
        Date:
          - Thu, 12 Oct 2023 14:52:13 GMT
        Content-Type:
          - application/json;charset=UTF-8
        Transfer-Encoding:
          - chunked
        Connection:
          - keep-alive
        X-Trace-Id:
          - 89c2e99a4b27f22e
        X-Content-Type-Options:
          - nosniff
        X-Xss-Protection:
          - 1; mode=block
        Cache-Control:
          - no-cache, no-store, max-age=0, must-revalidate
        Expires:
          - "0"
        Pragma:
          - no-cache
        X-Frame-Options:
          - DENY
        X-Envoy-Upstream-Service-Time:
          - "84"
        X-Envoy-Attempt-Count:
          - "1"
        Vary:
          - origin,access-control-request-method,access-control-request-headers,accept-encoding
        Cf-Cache-Status:
          - DYNAMIC
        Set-Cookie:
          - __cf_bm=TC2ShQ2z3CRDUDZgq3NMlHYDjTqK8RSvYt1epgc3mDk-1697122333-0-AbgdF7vIQxrha7TBpxUctcU7Bhni3v4fe9Ug+0n8hqlSJiSLgXIvYY5kQed7RdbCu/sym2mryM0wT04Tg8mUhGk=;
            path=/; expires=Thu, 12-Oct-23 15:22:13 GMT; domain=.transferwise.tech; HttpOnly;
            Secure; SameSite=None
        Server:
          - cloudflare
        Cf-Ray:
          - 81502a59f8be63db-LHR
        Alt-Svc:
          - h3=":443"; ma=86400
      body:
        encoding: ASCII-8BIT
        string: '{"id":148913010,"business":<WISE_PROFILE_ID>,"profile":<WISE_PROFILE_ID>,"accountHolderName":"Da
          Rod","currency":"MXN","country":"MX","type":"mexican","details":{"address":{"country":"MX","countryCode":"MX","firstLine":"4
          Oriente 820","postCode":"72810","city":"San Andres","state":null},"email":"mxnuser@example.com","legalType":"PRIVATE","accountHolderName":null,"accountNumber":null,"sortCode":null,"abartn":null,"accountType":null,"bankgiroNumber":null,"ifscCode":null,"bsbCode":null,"institutionNumber":null,"transitNumber":null,"phoneNumber":null,"bankCode":"032","russiaRegion":null,"routingNumber":null,"branchCode":null,"cpf":null,"cardToken":null,"idType":null,"idNumber":null,"idCountryIso3":null,"idValidFrom":null,"idValidTo":null,"clabe":"032180000118359719","swiftCode":null,"dateOfBirth":null,"clearingNumber":null,"bankName":null,"branchName":null,"businessNumber":null,"province":null,"city":null,"rut":null,"token":null,"cnpj":null,"payinReference":null,"pspReference":null,"orderId":null,"idDocumentType":null,"idDocumentNumber":null,"targetProfile":null,"targetUserId":null,"taxId":null,"job":null,"nationality":null,"interacAccount":null,"bban":null,"town":null,"postCode":null,"language":null,"billerCode":null,"customerReferenceNumber":null,"prefix":null,"relationship":null,"IBAN":null,"iban":null,"BIC":null,"bic":null},"user":5882096,"active":true,"ownedByCustomer":false}'
    recorded_at: Thu, 12 Oct 2023 14:52:13 GMT
recorded_with: VCR 6.2.0
